
RM/COBOL (Version 11.01) for 32-Bit Windows                      09/15/2014  10:51:22    Page 1
Source file: EMIFAC  Options: O=. S V Z=11 L E

Called Program Summary                                                                                EMIFAC

Program-name required          Using count

  "ASIGNA"                           2
  "ATRIBUTO.EXE"                     5
  "AUDIT"                            1
  "C$GETENV"                         2
  "C$SetDevelopmentMode"             0
  "MSGERR"                           6
  "P$EnableEscapeSequences"          0
  "P$SETFONT"                        2
  "VENTANA.EXE"                      7
RM/COBOL (Version 11.01) for 32-Bit Windows                      09/15/2014  10:51:22    Page 2
Source file: EMIFAC  Options: O=. S V Z=11 L E

Program Summary Statistics                                                                            EMIFAC


Read only size:                    6212 (X"00001844") bytes
Read/write size:                   8990 (X"0000231E") bytes
Overlayable segment size:             0 (X"00000000") bytes

Total generated object size:      15202 (X"00003B62") bytes

Maximum EXTERNAL size:              287 (X"0000011F") bytes
Total EXTERNAL size:                460 (X"000001CC") bytes

Source program used 3433 (5%) of 65534 available identifiers (T1C limit).
Source program used 11842 (2%) of 588800 available user-defined word space (T2B limit).

Maximum compilation memory used was 468K bytes (0 presses and 0 increases required).



Source indicators (columns 17-19 of source listing):
   +n+  Source was copied from copy file at copy nesting level n (level 0 indicator is suppressed).
   >n<  Source was inserted by REPLACE, REPLACING or DATE-COMPILED.
   [n]  Source is a COPY statement, which is logically replaced by copied library text.
   {n}  Source was split from a previous line with a replacement match or COPY statement.



Errors: 0, Warnings: 0, Lines: 7731 for program EMIFAC.



Object version level: 9

Options in effect:
    C - C=2 Suppress replaced lines in listing (default)
    E - Errors only listing
    L - Listing file "J:\PSIG6\Clientes\SORON\EMIFAC.lst"
    O - Object path specification "J:\PSIG6\Clientes\SORON\EMIFAC.cob"
    S - Separate sign default
    V - Line sequential default
    Z - Z object version restriction = 11
